D:\BuR\Projekt_indywidualny_\Zbiorniki_user\Temp\Includes\AS_TempDecl\X20CP1584\GlobalComponents\MpComponents.var
D:\BuR\Projekt_indywidualny_\Zbiorniki_user\Logical\Global.typ
D:\BuR\Projekt_indywidualny_\Zbiorniki_user\Logical\Global.var
D:\BuR\Projekt_indywidualny_\Zbiorniki_user\Logical\Libraries\operator\operator.fun
D:\BuR\Projekt_indywidualny_\Zbiorniki_user\Logical\Libraries\operator\operator.typ
D:\BuR\Projekt_indywidualny_\Zbiorniki_user\Logical\Libraries\operator\operator.var
D:\BuR\Projekt_indywidualny_\Zbiorniki_user\Logical\Libraries\runtime\runtime.fun
D:\BuR\Projekt_indywidualny_\Zbiorniki_user\Logical\Libraries\runtime\runtime.typ
D:\BuR\Projekt_indywidualny_\Zbiorniki_user\Logical\Libraries\runtime\runtime.var
D:\BuR\Projekt_indywidualny_\Zbiorniki_user\Logical\Libraries\astime\astime.fun
D:\BuR\Projekt_indywidualny_\Zbiorniki_user\Logical\Libraries\astime\astime.typ
D:\BuR\Projekt_indywidualny_\Zbiorniki_user\Logical\Libraries\astime\astime.var
D:\BuR\Projekt_indywidualny_\Zbiorniki_user\Logical\Libraries\AsIecCon\AsIecCon.fun
D:\BuR\Projekt_indywidualny_\Zbiorniki_user\Logical\Libraries\AsIecCon\AsIecCon.typ
D:\BuR\Projekt_indywidualny_\Zbiorniki_user\Logical\Libraries\AsIecCon\AsIecCon.var
D:\BuR\Projekt_indywidualny_\Zbiorniki_user\Logical\Libraries\standard\standard.fun
D:\BuR\Projekt_indywidualny_\Zbiorniki_user\Logical\Libraries\standard\standard.typ
D:\BuR\Projekt_indywidualny_\Zbiorniki_user\Logical\Libraries\standard\standard.var
D:\BuR\Projekt_indywidualny_\Zbiorniki_user\Logical\Libraries\MpServer\Constants.var
D:\BuR\Projekt_indywidualny_\Zbiorniki_user\Logical\Libraries\MpServer\Types.typ
D:\BuR\Projekt_indywidualny_\Zbiorniki_user\Logical\Libraries\MpServer\MpServer.fun
D:\BuR\Projekt_indywidualny_\Zbiorniki_user\Logical\Libraries\MpAlarmX\MpAlarmX.typ
D:\BuR\Projekt_indywidualny_\Zbiorniki_user\Logical\Libraries\MpAlarmX\MpAlarmXError.typ
D:\BuR\Projekt_indywidualny_\Zbiorniki_user\Logical\Libraries\MpAlarmX\MpAlarmX.fun
D:\BuR\Projekt_indywidualny_\Zbiorniki_user\Logical\Libraries\MpBase\MpBase.var
D:\BuR\Projekt_indywidualny_\Zbiorniki_user\Logical\Libraries\MpBase\MpBase.typ
D:\BuR\Projekt_indywidualny_\Zbiorniki_user\Logical\Libraries\MpBase\MpBase.fun
D:\BuR\Projekt_indywidualny_\Zbiorniki_user\Logical\Libraries\MpRecipe\MpRecipe.typ
D:\BuR\Projekt_indywidualny_\Zbiorniki_user\Logical\Libraries\MpRecipe\MpRecipeAlarm.typ
D:\BuR\Projekt_indywidualny_\Zbiorniki_user\Logical\Libraries\MpRecipe\MpRecipeError.typ
D:\BuR\Projekt_indywidualny_\Zbiorniki_user\Logical\Libraries\MpRecipe\MpRecipe.fun
D:\BuR\Projekt_indywidualny_\Zbiorniki_user\Logical\Libraries\sys_lib\sys_lib.fun
D:\BuR\Projekt_indywidualny_\Zbiorniki_user\Logical\Libraries\sys_lib\sys_lib.typ
D:\BuR\Projekt_indywidualny_\Zbiorniki_user\Logical\Libraries\sys_lib\sys_lib.var
D:\BuR\Projekt_indywidualny_\Zbiorniki_user\Logical\Libraries\MpFile\MpFile.typ
D:\BuR\Projekt_indywidualny_\Zbiorniki_user\Logical\Libraries\MpFile\MpFileError.typ
D:\BuR\Projekt_indywidualny_\Zbiorniki_user\Logical\Libraries\MpFile\MpFileAlarm.typ
D:\BuR\Projekt_indywidualny_\Zbiorniki_user\Logical\Libraries\MpFile\MpFile.fun
D:\BuR\Projekt_indywidualny_\Zbiorniki_user\Logical\Libraries\FileIO\FileIO.fun
D:\BuR\Projekt_indywidualny_\Zbiorniki_user\Logical\Libraries\FileIO\FileIO.typ
D:\BuR\Projekt_indywidualny_\Zbiorniki_user\Logical\Libraries\FileIO\FileIO.var
D:\BuR\Projekt_indywidualny_\Zbiorniki_user\Logical\Sterowanie\mappingVariables.var
