D:\BuR\Projekt_indywidualny_\Zbiorniki_user\Logical\Global.typ
D:\BuR\Projekt_indywidualny_\Zbiorniki_user\Logical\Global.var
D:\BuR\Projekt_indywidualny_\Zbiorniki_user\Logical\Libraries\operator\operator.fun
D:\BuR\Projekt_indywidualny_\Zbiorniki_user\Logical\Libraries\operator\operator.typ
D:\BuR\Projekt_indywidualny_\Zbiorniki_user\Logical\Libraries\operator\operator.var
D:\BuR\Projekt_indywidualny_\Zbiorniki_user\Logical\Libraries\runtime\runtime.fun
D:\BuR\Projekt_indywidualny_\Zbiorniki_user\Logical\Libraries\runtime\runtime.typ
D:\BuR\Projekt_indywidualny_\Zbiorniki_user\Logical\Libraries\runtime\runtime.var
D:\BuR\Projekt_indywidualny_\Zbiorniki_user\Logical\Libraries\astime\astime.fun
D:\BuR\Projekt_indywidualny_\Zbiorniki_user\Logical\Libraries\astime\astime.typ
D:\BuR\Projekt_indywidualny_\Zbiorniki_user\Logical\Libraries\astime\astime.var
D:\BuR\Projekt_indywidualny_\Zbiorniki_user\Logical\Libraries\AsIecCon\AsIecCon.fun
D:\BuR\Projekt_indywidualny_\Zbiorniki_user\Logical\Libraries\AsIecCon\AsIecCon.typ
D:\BuR\Projekt_indywidualny_\Zbiorniki_user\Logical\Libraries\AsIecCon\AsIecCon.var
D:\BuR\Projekt_indywidualny_\Zbiorniki_user\Logical\Libraries\standard\standard.fun
D:\BuR\Projekt_indywidualny_\Zbiorniki_user\Logical\Libraries\standard\standard.typ
D:\BuR\Projekt_indywidualny_\Zbiorniki_user\Logical\Libraries\standard\standard.var
D:\BuR\Projekt_indywidualny_\Zbiorniki_user\Logical\Sterowanie\mappingVariables.var
